\BOOKMARK [0][-]{chapter*.1}{\376\377\000H\000o\000w\000\040\000t\000o\000\040\000r\000e\000a\000d\000\040\000t\000h\000i\000s\000\040\000b\000o\000o\000k}{}% 1
\BOOKMARK [-1][-]{part.1}{\376\377\000I\000\040\000O\000r\000i\000e\000n\000t\000a\000t\000i\000o\000n}{}% 2
\BOOKMARK [0][-]{chapter.1}{\376\377\000T\000h\000e\000\040\000C\000l\000a\000i\000m}{part.1}% 3
\BOOKMARK [1][-]{section.1.1}{\376\377\000T\000h\000e\000\040\000f\000o\000u\000n\000d\000i\000n\000g\000\040\000h\000y\000p\000o\000t\000h\000e\000s\000i\000s}{chapter.1}% 4
\BOOKMARK [1][-]{section.1.2}{\376\377\000W\000h\000a\000t\000\040\000i\000s\000\040\000b\000e\000i\000n\000g\000\040\000m\000o\000d\000e\000l\000l\000e\000d}{chapter.1}% 5
\BOOKMARK [1][-]{section.1.3}{\376\377\000T\000h\000e\000\040\000t\000h\000e\000s\000i\000s\000,\000\040\000a\000n\000d\000\040\000w\000h\000a\000t\000\040\000e\000a\000c\000h\000\040\000c\000l\000a\000u\000s\000e\000\040\000f\000o\000r\000b\000i\000d\000s}{chapter.1}% 6
\BOOKMARK [1][-]{section.1.4}{\376\377\000W\000h\000a\000t\000\040\000C\000o\000g\000n\000i\000t\000i\000v\000e\000\040\000S\000p\000a\000c\000e\000\040\000T\000h\000e\000o\000r\000y\000\040\000i\000s\000\040\000n\000o\000t}{chapter.1}% 7
\BOOKMARK [0][-]{chapter.2}{\376\377\000T\000h\000e\000\040\000P\000i\000c\000t\000u\000r\000e\000\040\000B\000e\000f\000o\000r\000e\000\040\000t\000h\000e\000\040\000S\000y\000m\000b\000o\000l\000s}{part.1}% 8
\BOOKMARK [1][-]{section.2.1}{\376\377\000C\000h\000a\000r\000t\000s\000,\000\040\000a\000t\000l\000a\000s\000e\000s\000,\000\040\000a\000n\000d\000\040\000t\000h\000e\000\040\000f\000a\000i\000l\000u\000r\000e\000\040\000t\000o\000\040\000a\000g\000r\000e\000e}{chapter.2}% 9
\BOOKMARK [1][-]{section.2.2}{\376\377\000A\000\040\000s\000i\000n\000g\000l\000e\000\040\000r\000e\000g\000i\000o\000n\000\040\000c\000a\000n\000n\000o\000t\000\040\000b\000e\000\040\000w\000r\000o\000n\000g}{chapter.2}% 10
\BOOKMARK [1][-]{section.2.3}{\376\377\000T\000h\000e\000\040\000d\000e\000g\000e\000n\000e\000r\000a\000t\000e\000\040\000c\000o\000r\000n\000e\000r\000:\000\040\000w\000h\000a\000t\000\040\000a\000\040\000n\000e\000u\000r\000a\000l\000\040\000n\000e\000t\000w\000o\000r\000k\000\040\000i\000s\000,\000\040\000f\000r\000o\000m\000\040\000h\000e\000r\000e}{chapter.2}% 11
\BOOKMARK [1][-]{section.2.4}{\376\377\000R\000e\000a\000d\000i\000n\000g\000,\000\040\000a\000s\000\040\000a\000\040\000s\000e\000q\000u\000e\000n\000c\000e\000\040\000o\000f\000\040\000o\000p\000e\000r\000a\000t\000i\000o\000n\000s}{chapter.2}% 12
\BOOKMARK [0][-]{chapter.3}{\376\377\000S\000o\000u\000r\000c\000e\000s\000,\000\040\000P\000o\000s\000i\000t\000i\000o\000n\000,\000\040\000a\000n\000d\000\040\000t\000h\000e\000\040\000L\000i\000t\000e\000r\000a\000t\000u\000r\000e\000\040\000G\000r\000a\000p\000h}{part.1}% 13
\BOOKMARK [1][-]{section.3.1}{\376\377\000N\000a\000m\000i\000n\000g\000\040\000d\000i\000s\000c\000i\000p\000l\000i\000n\000e}{chapter.3}% 14
\BOOKMARK [1][-]{section.3.2}{\376\377\000T\000h\000e\000\040\000f\000i\000v\000e\000\040\000l\000i\000n\000e\000a\000g\000e\000s}{chapter.3}% 15
\BOOKMARK [1][-]{section.3.3}{\376\377\000T\000h\000e\000\040\000l\000i\000t\000e\000r\000a\000t\000u\000r\000e\000\040\000g\000r\000a\000p\000h}{chapter.3}% 16
\BOOKMARK [1][-]{section.3.4}{\376\377\000N\000e\000a\000r\000e\000s\000t\000\040\000n\000e\000i\000g\000h\000b\000o\000u\000r\000s\000,\000\040\000a\000n\000d\000\040\000e\000x\000a\000c\000t\000l\000y\000\040\000w\000h\000e\000r\000e\000\040\000t\000h\000e\000y\000\040\000d\000i\000v\000e\000r\000g\000e}{chapter.3}% 17
\BOOKMARK [-1][-]{part.2}{\376\377\000I\000I\000\040\000F\000o\000u\000n\000d\000a\000t\000i\000o\000n\000s}{}% 18
\BOOKMARK [0][-]{chapter.4}{\376\377\000W\000h\000e\000r\000e\000\040\000t\000h\000e\000\040\000C\000o\000m\000p\000l\000e\000x\000\040\000C\000o\000m\000e\000s\000\040\000F\000r\000o\000m}{part.2}% 19
\BOOKMARK [1][-]{section.4.1}{\376\377\000T\000h\000e\000\040\000p\000r\000o\000b\000l\000e\000m\000:\000\040\000C\000\040\000m\000a\000y\000\040\000n\000o\000t\000\040\000b\000e\000\040\000a\000s\000s\000u\000m\000e\000d}{chapter.4}% 20
\BOOKMARK [1][-]{section.4.2}{\376\377\000A\000\040\000r\000e\000l\000a\000t\000i\000o\000n\000\040\000d\000e\000t\000e\000r\000m\000i\000n\000e\000s\000\040\000a\000\040\000c\000o\000m\000p\000l\000e\000x}{chapter.4}% 21
\BOOKMARK [1][-]{section.4.3}{\376\377\000D\000o\000w\000k\000e\000r\000\040\000d\000u\000a\000l\000i\000t\000y}{chapter.4}% 22
\BOOKMARK [1][-]{section.4.4}{\376\377\000T\000h\000e\000\040\000a\000l\000t\000e\000r\000n\000a\000t\000i\000v\000e\000s\000,\000\040\000a\000n\000d\000\040\000t\000h\000e\000i\000r\000\040\000p\000r\000i\000c\000e\000s}{chapter.4}% 23
\BOOKMARK [1][-]{section.4.5}{\376\377\000T\000h\000e\000\040\000i\000n\000g\000e\000s\000t\000\040\000o\000p\000e\000r\000a\000t\000o\000r\000,\000\040\000a\000n\000d\000\040\000t\000h\000e\000\040\000r\000u\000n\000n\000i\000n\000g\000\040\000e\000x\000a\000m\000p\000l\000e}{chapter.4}% 24
\BOOKMARK [0][-]{chapter.5}{\376\377\000T\000h\000e\000\040\000B\000a\000s\000e\000\040\000C\000o\000m\000p\000l\000e\000x}{part.2}% 25
\BOOKMARK [1][-]{section.5.1}{\376\377\000S\000i\000m\000p\000l\000i\000c\000i\000a\000l\000\040\000c\000o\000m\000p\000l\000e\000x\000e\000s}{chapter.5}% 26
\BOOKMARK [1][-]{section.5.2}{\376\377\000W\000h\000y\000\040\000d\000i\000m\000e\000n\000s\000i\000o\000n\000\040\000t\000w\000o\000,\000\040\000a\000n\000d\000\040\000w\000h\000y\000\040\000n\000o\000t\000\040\000o\000n\000e}{chapter.5}% 27
\BOOKMARK [1][-]{section.5.3}{\376\377\000O\000n\000\040\000t\000h\000e\000\040\000w\000o\000r\000d\000\040\000`\000`\000s\000t\000r\000a\000t\000i\000f\000i\000e\000d\000'\000'}{chapter.5}% 28
\BOOKMARK [1][-]{section.5.4}{\376\377\000T\000h\000e\000\040\000r\000u\000n\000n\000i\000n\000g\000\040\000e\000x\000a\000m\000p\000l\000e\000,\000\040\000c\000o\000m\000b\000i\000n\000a\000t\000o\000r\000i\000a\000l\000l\000y}{chapter.5}% 29
\BOOKMARK [0][-]{chapter.6}{\376\377\000T\000h\000e\000\040\000S\000h\000e\000a\000f}{part.2}% 30
\BOOKMARK [1][-]{section.6.1}{\376\377\000T\000w\000o\000\040\000a\000l\000g\000e\000b\000r\000a\000s\000,\000\040\000n\000o\000t\000\040\000o\000n\000e}{chapter.6}% 31
\BOOKMARK [1][-]{section.6.2}{\376\377\000T\000h\000e\000\040\000c\000o\000e\000f\000f\000i\000c\000i\000e\000n\000t\000\040\000a\000l\000g\000e\000b\000r\000a\000:\000\040\000w\000h\000a\000t\000\040\000c\000o\000n\000t\000e\000n\000t\000\040\000i\000s}{chapter.6}% 32
\BOOKMARK [1][-]{section.6.3}{\376\377\000T\000h\000e\000\040\000s\000c\000a\000l\000a\000r\000\040\000f\000i\000e\000l\000d\000\040\000i\000s\000\040\000f\000o\000r\000c\000e\000d}{chapter.6}% 33
\BOOKMARK [1][-]{section.6.4}{\376\377\000T\000h\000e\000\040\000t\000r\000a\000d\000e\000-\000o\000f\000f\000,\000\040\000s\000t\000a\000t\000e\000d\000\040\000a\000s\000\040\000a\000\040\000c\000o\000s\000t}{chapter.6}% 34
\BOOKMARK [1][-]{section.6.5}{\376\377\000W\000h\000i\000c\000h\000\040\000w\000a\000y\000\040\000d\000o\000\040\000t\000h\000e\000\040\000r\000e\000s\000t\000r\000i\000c\000t\000i\000o\000n\000\040\000m\000a\000p\000s\000\040\000p\000o\000i\000n\000t\000?}{chapter.6}% 35
\BOOKMARK [1][-]{section.6.6}{\376\377\000T\000h\000e\000\040\000d\000e\000f\000i\000n\000i\000t\000i\000o\000n}{chapter.6}% 36
\BOOKMARK [1][-]{section.6.7}{\376\377\000W\000h\000a\000t\000\040\000t\000h\000e\000\040\0002\000-\000c\000e\000l\000l\000s\000\040\000d\000o\000:\000\040\000f\000u\000n\000c\000t\000o\000r\000i\000a\000l\000i\000t\000y\000\040\000i\000s\000\040\0002\000=\0000}{chapter.6}% 37
\BOOKMARK [1][-]{section.6.8}{\376\377\000F\000l\000a\000t\000n\000e\000s\000s\000,\000\040\000h\000o\000l\000o\000n\000o\000m\000y\000,\000\040\000a\000n\000d\000\040\000w\000h\000a\000t\000\040\000a\000\040\000f\000i\000l\000l\000e\000d\000\040\000t\000r\000i\000a\000n\000g\000l\000e\000\040\000i\000s}{chapter.6}% 38
\BOOKMARK [1][-]{section.6.9}{\376\377\000T\000h\000e\000\040\000p\000o\000t\000e\000n\000c\000y\000\040\000l\000a\000d\000d\000e\000r\000,\000\040\000a\000n\000d\000\040\000w\000h\000y\000\040\000t\000h\000e\000\040\000i\000d\000e\000n\000t\000i\000t\000y\000\040\000i\000s\000\040\000f\000a\000t\000a\000l}{chapter.6}% 39
\BOOKMARK [0][-]{chapter.7}{\376\377\000C\000o\000b\000o\000u\000n\000d\000a\000r\000y\000,\000\040\000L\000a\000p\000l\000a\000c\000i\000a\000n\000,\000\040\000a\000n\000d\000\040\000t\000h\000e\000\040\000T\000h\000r\000e\000e\000\040\000C\000h\000a\000n\000n\000e\000l\000s}{part.2}% 40
\BOOKMARK [1][-]{section.7.1}{\376\377\000T\000h\000e\000\040\000c\000o\000b\000o\000u\000n\000d\000a\000r\000y}{chapter.7}% 41
\BOOKMARK [1][-]{section.7.2}{\376\377\000T\000h\000e\000\040\000L\000a\000p\000l\000a\000c\000i\000a\000n\000\040\000a\000n\000d\000\040\000d\000i\000s\000c\000o\000r\000d}{chapter.7}% 42
\BOOKMARK [1][-]{section.7.3}{\376\377\000T\000h\000e\000\040\000t\000h\000r\000e\000e\000\040\000c\000h\000a\000n\000n\000e\000l\000s}{chapter.7}% 43
\BOOKMARK [1][-]{section.7.4}{\376\377\000T\000h\000e\000\040\000d\000e\000g\000e\000n\000e\000r\000a\000t\000e\000\040\000c\000o\000r\000n\000e\000r\000,\000\040\000p\000r\000o\000v\000e\000d}{chapter.7}% 44
\BOOKMARK [1][-]{section.7.5}{\376\377\000T\000h\000e\000\040\000r\000u\000n\000n\000i\000n\000g\000\040\000e\000x\000a\000m\000p\000l\000e\000,\000\040\000c\000o\000m\000p\000u\000t\000e\000d}{chapter.7}% 45
\BOOKMARK [0][-]{chapter.8}{\376\377\000C\000o\000n\000f\000i\000g\000u\000r\000a\000t\000i\000o\000n\000,\000\040\000T\000i\000m\000e\000,\000\040\000a\000n\000d\000\040\000G\000l\000u\000i\000n\000g}{part.2}% 46
\BOOKMARK [1][-]{section.8.1}{\376\377\000T\000h\000e\000\040\000e\000r\000r\000o\000r\000\040\000i\000n\000\040\000`\000`\000t\000h\000e\000\040\000c\000u\000r\000r\000e\000n\000t\000\040\000s\000t\000a\000t\000e\000'\000'}{chapter.8}% 47
\BOOKMARK [1][-]{section.8.2}{\376\377\000C\000o\000n\000f\000i\000g\000u\000r\000a\000t\000i\000o\000n\000\040\000s\000p\000a\000c\000e\000,\000\040\000a\000n\000d\000\040\000t\000h\000e\000\040\000s\000t\000r\000a\000t\000i\000f\000i\000c\000a\000t\000i\000o\000n}{chapter.8}% 48
\BOOKMARK [1][-]{section.8.3}{\376\377\000C\000o\000n\000t\000i\000n\000u\000o\000u\000s\000\040\000t\000i\000m\000e}{chapter.8}% 49
\BOOKMARK [1][-]{section.8.4}{\376\377\000G\000l\000u\000i\000n\000g\000,\000\040\000a\000n\000d\000\040\000a\000\040\000c\000a\000n\000d\000i\000d\000a\000t\000e\000\040\000f\000o\000r\000\040\000t\000h\000e\000\040\000g\000r\000o\000w\000t\000h\000\040\000a\000d\000d\000r\000e\000s\000s}{chapter.8}% 50
\BOOKMARK [1][-]{section.8.5}{\376\377\000T\000h\000e\000\040\000d\000e\000f\000i\000n\000i\000t\000i\000o\000n\000,\000\040\000r\000e\000s\000t\000a\000t\000e\000d}{chapter.8}% 51
\BOOKMARK [-1][-]{part.3}{\376\377\000I\000I\000I\000\040\000C\000o\000h\000e\000r\000e\000n\000c\000e}{}% 52
\BOOKMARK [0][-]{chapter.9}{\376\377\000T\000h\000e\000\040\000C\000o\000h\000e\000r\000e\000n\000c\000e\000\040\000S\000c\000o\000r\000e}{part.3}% 53
\BOOKMARK [1][-]{section.9.1}{\376\377\000W\000h\000y\000\040\000a\000\040\000n\000o\000r\000m\000a\000l\000i\000s\000e\000r\000\040\000i\000s\000\040\000n\000e\000e\000d\000e\000d\000\040\000a\000t\000\040\000a\000l\000l}{chapter.9}% 54
\BOOKMARK [1][-]{section.9.2}{\376\377\000T\000h\000e\000\040\000s\000c\000o\000r\000e}{chapter.9}% 55
\BOOKMARK [1][-]{section.9.3}{\376\377\000T\000h\000e\000\040\000s\000c\000o\000r\000e\000\040\000a\000n\000s\000w\000e\000r\000s\000\040\000t\000w\000o\000\040\000q\000u\000e\000s\000t\000i\000o\000n\000s\000\040\000a\000t\000\040\000o\000n\000c\000e}{chapter.9}% 56
\BOOKMARK [1][-]{section.9.4}{\376\377\000T\000h\000e\000\040\000r\000u\000n\000n\000i\000n\000g\000\040\000e\000x\000a\000m\000p\000l\000e\000,\000\040\000c\000o\000n\000t\000i\000n\000u\000e\000d}{chapter.9}% 57
\BOOKMARK [1][-]{section.9.5}{\376\377\000T\000h\000e\000\040\000d\000e\000a\000d\000\040\000d\000y\000n\000a\000m\000i\000c\000\040\000r\000a\000n\000g\000e}{chapter.9}% 58
\BOOKMARK [1][-]{section.9.6}{\376\377\000T\000h\000e\000\040\000p\000r\000e\000c\000i\000s\000i\000o\000n\000-\000w\000e\000i\000g\000h\000t\000e\000d\000\040\000g\000e\000n\000e\000r\000a\000l\000i\000s\000a\000t\000i\000o\000n}{chapter.9}% 59
\BOOKMARK [-1][-]{part.4}{\376\377\000I\000V\000\040\000S\000e\000m\000a\000n\000t\000i\000c\000\040\000G\000e\000o\000m\000e\000t\000r\000y}{}% 60
\BOOKMARK [0][-]{chapter.10}{\376\377\000S\000e\000m\000a\000n\000t\000i\000c\000\040\000G\000e\000o\000m\000e\000t\000r\000y}{part.4}% 61
\BOOKMARK [1][-]{section.10.1}{\376\377\000A\000\040\000c\000o\000n\000c\000e\000p\000t\000\040\000i\000s\000\040\000a\000\040\000G\000a\000u\000s\000s\000i\000a\000n}{chapter.10}% 62
\BOOKMARK [1][-]{section.10.2}{\376\377\000T\000h\000e\000\040\000c\000o\000a\000r\000s\000e\000-\000g\000r\000a\000i\000n\000i\000n\000g\000\040\000v}{chapter.10}% 63
\BOOKMARK [1][-]{section.10.3}{\376\377\000D\000i\000s\000t\000a\000n\000c\000e\000\040\000b\000e\000t\000w\000e\000e\000n\000\040\000u\000n\000c\000e\000r\000t\000a\000i\000n\000\040\000c\000o\000n\000c\000e\000p\000t\000s}{chapter.10}% 64
\BOOKMARK [1][-]{section.10.4}{\376\377\000T\000h\000e\000\040\000t\000w\000o\000\040\000t\000e\000r\000m\000s\000\040\000a\000r\000e\000\040\000n\000o\000t\000\040\000c\000o\000m\000m\000e\000n\000s\000u\000r\000a\000b\000l\000e}{chapter.10}% 65
\BOOKMARK [1][-]{section.10.5}{\376\377\000F\000u\000s\000i\000o\000n\000\040\000a\000n\000d\000\040\000i\000t\000s\000\040\000e\000n\000t\000r\000o\000p\000y}{chapter.10}% 66
\BOOKMARK [-1][-]{part.5}{\376\377\000V\000\040\000C\000o\000h\000o\000m\000o\000l\000o\000g\000y\000\040\000a\000n\000d\000\040\000t\000h\000e\000\040\000G\000r\000o\000w\000t\000h\000\040\000A\000d\000d\000r\000e\000s\000s}{}% 67
\BOOKMARK [0][-]{chapter.11}{\376\377\000C\000o\000h\000o\000m\000o\000l\000o\000g\000y\000\040\000a\000n\000d\000\040\000t\000h\000e\000\040\000D\000i\000a\000g\000n\000o\000s\000t\000i\000c\000\040\000H\000i\000e\000r\000a\000r\000c\000h\000y}{part.5}% 68
\BOOKMARK [1][-]{section.11.1}{\376\377\000T\000w\000o\000\040\000p\000a\000t\000h\000o\000l\000o\000g\000i\000e\000s\000\040\000t\000h\000a\000t\000\040\000m\000u\000s\000t\000\040\000n\000o\000t\000\040\000b\000e\000\040\000c\000o\000n\000f\000u\000s\000e\000d}{chapter.11}% 69
\BOOKMARK [1][-]{section.11.2}{\376\377\000T\000h\000e\000\040\000h\000i\000e\000r\000a\000r\000c\000h\000y\000\040\000i\000s\000\040\000v\000a\000c\000u\000o\000u\000s\000\040\000a\000s\000\040\000c\000u\000r\000r\000e\000n\000t\000l\000y\000\040\000f\000e\000d}{chapter.11}% 70
\BOOKMARK [1][-]{section.11.3}{\376\377\000T\000h\000e\000\040\000H\000o\000d\000g\000e\000\040\000d\000e\000c\000o\000m\000p\000o\000s\000i\000t\000i\000o\000n}{chapter.11}% 71
\BOOKMARK [1][-]{section.11.4}{\376\377\000T\000h\000e\000\040\000u\000n\000c\000e\000r\000t\000a\000i\000n\000t\000y\000\040\000s\000t\000a\000c\000k}{chapter.11}% 72
\BOOKMARK [-1][-]{part.6}{\376\377\000V\000I\000\040\000I\000d\000e\000n\000t\000i\000t\000y}{}% 73
\BOOKMARK [0][-]{chapter.12}{\376\377\000I\000d\000e\000n\000t\000i\000t\000y\000:\000\040\000W\000h\000a\000t\000\040\000S\000u\000r\000v\000i\000v\000e\000s\000\040\000M\000u\000t\000a\000t\000i\000o\000n}{part.6}% 74
\BOOKMARK [-1][-]{part.7}{\376\377\000V\000I\000I\000\040\000T\000h\000e\000\040\000T\000w\000o\000-\000P\000h\000a\000s\000e\000\040\000L\000a\000w}{}% 75
\BOOKMARK [0][-]{chapter.13}{\376\377\000T\000h\000e\000\040\000T\000w\000o\000-\000P\000h\000a\000s\000e\000\040\000L\000a\000w}{part.7}% 76
\BOOKMARK [-1][-]{part.8}{\376\377\000V\000I\000I\000I\000\040\000D\000y\000n\000a\000m\000i\000c\000s}{}% 77
\BOOKMARK [0][-]{chapter.14}{\376\377\000G\000r\000o\000w\000t\000h\000\040\000O\000p\000e\000r\000a\000t\000o\000r\000s\000\040\000a\000n\000d\000\040\000t\000h\000e\000\040\000A\000l\000g\000e\000b\000r\000a\000\040\000D}{part.8}% 78
\BOOKMARK [1][-]{section.14.1}{\376\377\000T\000h\000e\000\040\000s\000t\000r\000u\000c\000t\000u\000r\000a\000l\000\040\000o\000p\000e\000r\000a\000t\000o\000r\000s}{chapter.14}% 79
\BOOKMARK [0][-]{chapter.15}{\376\377\000T\000h\000e\000\040\000F\000i\000n\000e\000\040\000D\000y\000n\000a\000m\000i\000c\000s}{part.8}% 80
\BOOKMARK [0][-]{chapter.16}{\376\377\000S\000c\000h\000e\000d\000u\000l\000i\000n\000g\000:\000\040\000A\000n\000t\000i\000c\000h\000a\000i\000n\000s\000,\000\040\000a\000n\000d\000\040\000W\000h\000y\000\040\000`\000`\000O\000p\000e\000r\000a\000d\000'\000'\000\040\000I\000s\000\040\000N\000o\000t\000\040\000E\000a\000r\000n\000e\000d}{part.8}% 81
\BOOKMARK [0][-]{chapter.17}{\376\377\000T\000h\000e\000\040\000L\000i\000f\000t\040\023\000P\000r\000o\000j\000e\000c\000t\000\040\000A\000d\000j\000u\000n\000c\000t\000i\000o\000n}{part.8}% 82
\BOOKMARK [-1][-]{part.9}{\376\377\000I\000X\000\040\000T\000h\000e\000\040\000L\000a\000t\000e\000r\000\040\000C\000o\000n\000s\000t\000r\000u\000c\000t\000i\000o\000n\000s}{}% 83
\BOOKMARK [0][-]{chapter.18}{\376\377\000T\000h\000e\000\040\000M\000D\000L\000\040\000G\000r\000o\000w\000t\000h\000\040\000L\000a\000w}{part.9}% 84
\BOOKMARK [1][-]{section.18.1}{\376\377\000T\000w\000o\000-\000p\000a\000r\000t\000\040\000d\000e\000s\000c\000r\000i\000p\000t\000i\000o\000n\000\040\000l\000e\000n\000g\000t\000h}{chapter.18}% 85
\BOOKMARK [1][-]{section.18.2}{\376\377\000T\000h\000e\000\040\000m\000o\000d\000e\000l\000\040\000t\000e\000r\000m}{chapter.18}% 86
\BOOKMARK [1][-]{section.18.3}{\376\377\000T\000h\000e\000\040\000d\000a\000t\000a\000\040\000t\000e\000r\000m\000\040\000a\000n\000d\000\040\000t\000h\000e\000\040\000l\000a\000w}{chapter.18}% 87
\BOOKMARK [0][-]{chapter.19}{\376\377\000T\000h\000e\000\040\000C\000o\000n\000e\000d\000\040\000C\000o\000n\000c\000e\000p\000t}{part.9}% 88
\BOOKMARK [1][-]{section.19.1}{\376\377\000T\000h\000e\000\040\000t\000o\000p\000o\000l\000o\000g\000i\000c\000a\000l\000\040\000c\000o\000n\000e}{chapter.19}% 89
\BOOKMARK [1][-]{section.19.2}{\376\377\000T\000h\000e\000\040\000s\000t\000a\000l\000k\000s\000,\000\040\000c\000h\000o\000s\000e\000n\000\040\000m\000i\000n\000i\000m\000a\000l\000l\000y}{chapter.19}% 90
\BOOKMARK [1][-]{section.19.3}{\376\377\000T\000h\000e\000\040\000c\000o\000n\000e\000\040\000c\000o\000n\000d\000i\000t\000i\000o\000n\000\040\000i\000s\000\040\000f\000o\000r\000c\000e\000d\000,\000\040\000n\000o\000t\000\040\000i\000m\000p\000o\000s\000e\000d}{chapter.19}% 91
\BOOKMARK [1][-]{section.19.4}{\376\377\000T\000h\000e\000\040\000c\000o\000n\000s\000t\000r\000u\000c\000t\000i\000o\000n}{chapter.19}% 92
\BOOKMARK [1][-]{section.19.5}{\376\377\000T\000h\000e\000\040\000r\000e\000f\000u\000s\000a\000l\000\040\000b\000r\000a\000n\000c\000h\000\040\000i\000s\000\040\000u\000n\000r\000e\000a\000c\000h\000a\000b\000l\000e}{chapter.19}% 93
\BOOKMARK [1][-]{section.19.6}{\376\377\000T\000h\000e\000\040\000l\000i\000m\000i\000t\000\040\000i\000s\000\040\000a\000\040\000c\000e\000i\000l\000i\000n\000g\000,\000\040\000n\000o\000t\000\040\000a\000\040\000f\000l\000o\000o\000r}{chapter.19}% 94
\BOOKMARK [0][-]{chapter.20}{\376\377\000R\000e\000t\000r\000i\000e\000v\000a\000l\000:\000\040\000R\000a\000n\000k\000,\000\040\000D\000o\000\040\000N\000o\000t\000\040\000T\000h\000r\000e\000s\000h\000o\000l\000d}{part.9}% 95
\BOOKMARK [-1][-]{part.10}{\376\377\000X\000\040\000V\000e\000r\000i\000f\000i\000c\000a\000t\000i\000o\000n\000\040\000a\000n\000d\000\040\000C\000o\000n\000t\000r\000o\000l}{}% 96
\BOOKMARK [0][-]{chapter.21}{\376\377\000V\000e\000r\000i\000f\000i\000c\000a\000t\000i\000o\000n\000:\000\040\000t\000h\000e\000\040\000E\000x\000t\000e\000r\000n\000a\000l\000\040\000O\000r\000a\000c\000l\000e}{part.10}% 97
\BOOKMARK [0][-]{chapter.22}{\376\377\000T\000h\000e\000\040\000C\000o\000n\000t\000r\000o\000l\000l\000e\000r}{part.10}% 98
\BOOKMARK [-1][-]{part.11}{\376\377\000X\000I\000\040\000R\000e\000p\000r\000o\000d\000u\000c\000t\000i\000o\000n}{}% 99
\BOOKMARK [0][-]{chapter.23}{\376\377\000R\000e\000p\000r\000o\000d\000u\000c\000t\000i\000o\000n}{part.11}% 100
\BOOKMARK [-1][-]{part.12}{\376\377\000X\000I\000I\000\040\000T\000h\000e\000\040\000E\000n\000c\000o\000d\000e\000r\000\040\000a\000n\000d\000\040\000t\000h\000e\000\040\000V\000e\000r\000i\000f\000i\000c\000a\000t\000i\000o\000n\000\040\000L\000i\000f\000t}{}% 101
\BOOKMARK [0][-]{chapter.24}{\376\377\000T\000h\000e\000\040\000E\000n\000c\000o\000d\000e\000r\000\040\000a\000n\000d\000\040\000t\000h\000e\000\040\000V\000e\000r\000i\000f\000i\000c\000a\000t\000i\000o\000n\000\040\000L\000i\000f\000t}{part.12}% 102
\BOOKMARK [-1][-]{part.13}{\376\377\000X\000I\000I\000I\000\040\000L\000i\000m\000i\000t\000s\000:\000\040\000W\000h\000a\000t\000\040\000I\000s\000\040\000a\000n\000d\000\040\000I\000s\000\040\000N\000o\000t\000\040\000C\000l\000a\000i\000m\000e\000d}{}% 103
\BOOKMARK [0][-]{chapter.25}{\376\377\000L\000i\000m\000i\000t\000s\000:\000\040\000W\000h\000a\000t\000\040\000I\000s\000\040\000a\000n\000d\000\040\000I\000s\000\040\000N\000o\000t\000\040\000C\000l\000a\000i\000m\000e\000d}{part.13}% 104
\BOOKMARK [1][-]{section.25.1}{\376\377\000T\000h\000e\000\040\000b\000e\000t\000\040\000a\000n\000d\000\040\000t\000h\000e\000\040\000r\000e\000f\000u\000s\000a\000l}{chapter.25}% 105
\BOOKMARK [1][-]{section.25.2}{\376\377\000T\000h\000e\000\040\000s\000c\000o\000p\000e\000\040\000i\000s\000\040\000t\000h\000r\000e\000e\000\040\000p\000a\000p\000e\000r\000s\000,\000\040\000n\000o\000t\000\040\000o\000n\000e}{chapter.25}% 106
\BOOKMARK [1][-]{section.25.3}{\376\377\000W\000h\000a\000t\000\040\000m\000u\000s\000t\000\040\000n\000o\000t\000\040\000b\000e\000\040\000c\000l\000a\000i\000m\000e\000d}{chapter.25}% 107
\BOOKMARK [1][-]{section.25.4}{\376\377\000T\000h\000e\000\040\000f\000i\000n\000d\000i\000n\000g\000s\000,\000\040\000r\000e\000s\000t\000a\000t\000e\000d\000\040\000a\000s\000\040\000b\000o\000u\000n\000d\000a\000r\000i\000e\000s}{chapter.25}% 108
\BOOKMARK [-1][-]{part.14}{\376\377\000X\000I\000V\000\040\000O\000p\000e\000n\000\040\000P\000r\000o\000b\000l\000e\000m\000s}{}% 109
\BOOKMARK [0][-]{chapter.26}{\376\377\000O\000p\000e\000n\000\040\000P\000r\000o\000b\000l\000e\000m\000s\000\040\000w\000i\000t\000h\000i\000n\000\040\000M\000O\000S}{part.14}% 110
\BOOKMARK [-1][-]{part.15}{\376\377\000X\000V\000\040\000P\000o\000t\000e\000n\000t\000i\000a\000l\000s\000\040\000f\000o\000r\000\040\000Q\000u\000a\000n\000t\000u\000m\000\040\000I\000m\000p\000l\000e\000m\000e\000n\000t\000a\000t\000i\000o\000n}{}% 111
\BOOKMARK [0][-]{chapter.27}{\376\377\000P\000o\000t\000e\000n\000t\000i\000a\000l\000s\000\040\000f\000o\000r\000\040\000Q\000u\000a\000n\000t\000u\000m\000\040\000I\000m\000p\000l\000e\000m\000e\000n\000t\000a\000t\000i\000o\000n}{part.15}% 112
\BOOKMARK [1][-]{section.27.1}{\376\377\000W\000h\000y\000\040\000t\000h\000i\000s\000\040\000o\000b\000j\000e\000c\000t\000\040\000a\000t\000\040\000a\000l\000l}{chapter.27}% 113
\BOOKMARK [1][-]{section.27.2}{\376\377\000T\000h\000e\000\040\000D\000i\000r\000a\000c\000\040\000o\000p\000e\000r\000a\000t\000o\000r\000\040\000a\000n\000d\000\040\000i\000t\000s\000\040\000b\000l\000o\000c\000k\000-\000e\000n\000c\000o\000d\000i\000n\000g}{chapter.27}% 114
\BOOKMARK [1][-]{section.27.3}{\376\377\000T\000h\000e\000\040\000o\000b\000s\000t\000r\000u\000c\000t\000i\000o\000n\000:\000\040\000i\000n\000p\000u\000t\000\040\000a\000n\000d\000\040\000o\000u\000t\000p\000u\000t}{chapter.27}% 115
\BOOKMARK [1][-]{section.27.4}{\376\377\000W\000h\000a\000t\000\040\000w\000o\000u\000l\000d\000\040\000m\000a\000k\000e\000\040\000t\000h\000i\000s\000\040\000r\000e\000a\000l}{chapter.27}% 116
\BOOKMARK [-1][-]{part*.13}{\376\377\000A\000p\000p\000e\000n\000d\000i\000c\000e\000s}{}% 117
\BOOKMARK [0][-]{appendix.A}{\376\377\000N\000o\000t\000a\000t\000i\000o\000n}{part*.13}% 118
\BOOKMARK [0][-]{appendix.B}{\376\377\000D\000i\000s\000c\000r\000e\000p\000a\000n\000c\000y\000\040\000R\000e\000g\000i\000s\000t\000e\000r}{part*.13}% 119
\BOOKMARK [0][-]{appendix.C}{\376\377\000R\000e\000f\000u\000t\000e\000d\000-\000C\000l\000a\000i\000m\000s\000\040\000L\000e\000d\000g\000e\000r}{part*.13}% 120
